main.c:145:5:test_hitbox	24	static
main.c:158:5:main	272	static
main.c:316:6:SystemClock_Config	88	static
main.c:369:6:PeriphCommonClock_Config	144	static
main.c:394:13:MX_ADC1_Init	24	static
main.c:444:13:MX_ADC3_Init	24	static
main.c:494:13:MX_DAC_Init	16	static
main.c:532:13:MX_DMA2D_Init	8	static
main.c:569:13:MX_I2C1_Init	8	static
main.c:615:13:MX_I2C3_Init	8	static
main.c:661:13:MX_LTDC_Init	64	static
main.c:723:13:MX_RNG_Init	8	static
main.c:749:13:MX_RTC_Init	80	static
main.c:841:13:MX_SPI2_Init	8	static
main.c:881:13:MX_TIM1_Init	40	static
main.c:928:13:MX_TIM2_Init	40	static
main.c:973:13:MX_TIM3_Init	40	static
main.c:1018:13:MX_TIM5_Init	40	static
main.c:1063:13:MX_TIM8_Init	40	static
main.c:1110:13:MX_UART7_Init	8	static
main.c:1145:13:MX_USART1_UART_Init	8	static
main.c:1182:13:MX_USART6_UART_Init	8	static
main.c:1213:13:MX_FMC_Init	40	static
main.c:1264:13:MX_GPIO_Init	72	static
main.c:1554:6:HAL_GPIO_EXTI_Callback	24	static
main.c:1559:6:HAL_SPI_TxRxCpltCallback	24	static
main.c:1573:6:StartDefaultTask	16	static
main.c:1592:6:Task_Viseur	48	static
main.c:1639:6:Task_Tir	32	static
main.c:1683:6:Task_Ennemi	120	static
main.c:1825:6:Task_Affichage	72	static
main.c:1882:6:Task_Share	48	static
main.c:1936:6:HAL_TIM_PeriodElapsedCallback	16	static
main.c:1953:6:Error_Handler	4	static,ignoring_inline_asm
