main.c:132:5:test_hitbox	24	static
main.c:145:5:main	256	static
main.c:293:6:SystemClock_Config	88	static
main.c:347:13:MX_ADC1_Init	24	static
main.c:397:13:MX_ADC3_Init	24	static
main.c:447:13:MX_DAC_Init	16	static
main.c:485:13:MX_DMA2D_Init	8	static
main.c:522:13:MX_I2C1_Init	8	static
main.c:568:13:MX_I2C3_Init	8	static
main.c:614:13:MX_LTDC_Init	64	static
main.c:676:13:MX_RTC_Init	80	static
main.c:768:13:MX_SPI2_Init	8	static
main.c:807:13:MX_TIM1_Init	40	static
main.c:854:13:MX_TIM2_Init	40	static
main.c:899:13:MX_TIM3_Init	40	static
main.c:944:13:MX_TIM5_Init	40	static
main.c:989:13:MX_TIM8_Init	40	static
main.c:1036:13:MX_UART7_Init	8	static
main.c:1071:13:MX_USART1_UART_Init	8	static
main.c:1108:13:MX_USART6_UART_Init	8	static
main.c:1139:13:MX_FMC_Init	40	static
main.c:1190:13:MX_GPIO_Init	72	static
main.c:1480:6:HAL_GPIO_EXTI_Callback	24	static
main.c:1493:6:StartDefaultTask	16	static
main.c:1512:6:Task_Viseur	48	static
main.c:1559:6:Task_Tir	32	static
main.c:1603:6:Task_Ennemi	88	static
main.c:1647:6:Task_Affichage	16	static
main.c:1694:6:Task_Share	32	static
main.c:1727:6:HAL_TIM_PeriodElapsedCallback	16	static
main.c:1744:6:Error_Handler	4	static,ignoring_inline_asm
