main.c:141:5:test_hitbox	24	static
main.c:155:5:main	240	static
main.c:299:6:SystemClock_Config	88	static
main.c:353:13:MX_ADC1_Init	24	static
main.c:403:13:MX_ADC3_Init	24	static
main.c:453:13:MX_DAC_Init	16	static
main.c:491:13:MX_DMA2D_Init	8	static
main.c:528:13:MX_I2C1_Init	8	static
main.c:574:13:MX_I2C3_Init	8	static
main.c:620:13:MX_LTDC_Init	64	static
main.c:682:13:MX_RTC_Init	80	static
main.c:774:13:MX_SPI2_Init	8	static
main.c:813:13:MX_TIM1_Init	40	static
main.c:860:13:MX_TIM2_Init	40	static
main.c:905:13:MX_TIM3_Init	40	static
main.c:950:13:MX_TIM5_Init	40	static
main.c:995:13:MX_TIM8_Init	40	static
main.c:1042:13:MX_UART7_Init	8	static
main.c:1077:13:MX_USART1_UART_Init	8	static
main.c:1114:13:MX_USART6_UART_Init	8	static
main.c:1145:13:MX_FMC_Init	40	static
main.c:1196:13:MX_GPIO_Init	72	static
main.c:1486:6:HAL_GPIO_EXTI_Callback	24	static
main.c:1491:6:HAL_SPI_TxRxCpltCallback	24	static
main.c:1507:6:StartDefaultTask	16	static
main.c:1526:6:Task_Viseur	48	static
main.c:1573:6:Task_Tir	32	static
main.c:1617:6:Task_Affichage	72	static
main.c:1674:6:Task_Share	40	static
main.c:1737:6:HAL_TIM_PeriodElapsedCallback	16	static
main.c:1754:6:Error_Handler	4	static,ignoring_inline_asm
